--------------------------------------------------------------------------------
Release 14.7 Trace  (nt)
Copyright (c) 1995-2013 Xilinx, Inc.  All rights reserved.

C:\Xilinx\14.7\ISE_DS\ISE\bin\nt\unwrapped\trce.exe -intstyle ise -v 3 -s 2 -n
3 -fastpaths -xml bishift_series_8.twx bishift_series_8.ncd -o
bishift_series_8.twr bishift_series_8.pcf

Design file:              bishift_series_8.ncd
Physical constraint file: bishift_series_8.pcf
Device,package,speed:     xc6slx4,tqg144,C,-2 (PRODUCTION 1.23 2013-10-13)
Report level:             verbose report

Environment Variable      Effect 
--------------------      ------ 
NONE                      No environment variables were set
--------------------------------------------------------------------------------

INFO:Timing:2698 - No timing constraints found, doing default enumeration.
INFO:Timing:3412 - To improve timing, see the Timing Closure User Guide (UG612).
INFO:Timing:2752 - To get complete path coverage, use the unconstrained paths 
   option. All paths that are not constrained will be reported in the 
   unconstrained paths section(s) of the report.
INFO:Timing:3339 - The clock-to-out numbers in this timing report are based on 
   a 50 Ohm transmission line loading model.  For the details of this model, 
   and for more information on accounting for different loading conditions, 
   please see the device datasheet.



Data Sheet report:
-----------------
All values displayed in nanoseconds (ns)

Pad to Pad
---------------+---------------+---------+
Source Pad     |Destination Pad|  Delay  |
---------------+---------------+---------+
data<0>        |c<0>           |   13.050|
data<0>        |out<0>         |   13.889|
data<0>        |out<1>         |   14.151|
data<0>        |out<2>         |   14.219|
data<0>        |out<3>         |   14.703|
data<0>        |out<4>         |   14.400|
data<0>        |out<5>         |   14.258|
data<0>        |out<6>         |   14.442|
data<0>        |out<7>         |   14.886|
data<1>        |c<0>           |   13.336|
data<1>        |c<1>           |   12.971|
data<1>        |out<0>         |   14.175|
data<1>        |out<1>         |   14.437|
data<1>        |out<2>         |   14.505|
data<1>        |out<3>         |   15.336|
data<1>        |out<4>         |   14.756|
data<1>        |out<5>         |   14.544|
data<1>        |out<6>         |   14.728|
data<1>        |out<7>         |   15.172|
data<2>        |c<0>           |   12.139|
data<2>        |c<1>           |   11.992|
data<2>        |c<2>           |   12.751|
data<2>        |out<0>         |   12.978|
data<2>        |out<1>         |   13.240|
data<2>        |out<2>         |   13.906|
data<2>        |out<3>         |   14.414|
data<2>        |out<4>         |   14.287|
data<2>        |out<5>         |   14.594|
data<2>        |out<6>         |   13.999|
data<2>        |out<7>         |   14.619|
data<3>        |c<0>           |   12.994|
data<3>        |c<1>           |   13.069|
data<3>        |c<2>           |   13.513|
data<3>        |c<3>           |   13.539|
data<3>        |out<0>         |   13.833|
data<3>        |out<1>         |   14.095|
data<3>        |out<2>         |   14.668|
data<3>        |out<3>         |   15.434|
data<3>        |out<4>         |   15.049|
data<3>        |out<5>         |   15.377|
data<3>        |out<6>         |   14.763|
data<3>        |out<7>         |   15.381|
data<4>        |c<0>           |   12.669|
data<4>        |c<1>           |   12.227|
data<4>        |c<2>           |   12.494|
data<4>        |c<3>           |   12.418|
data<4>        |c<4>           |   11.777|
data<4>        |out<0>         |   13.508|
data<4>        |out<1>         |   13.770|
data<4>        |out<2>         |   13.838|
data<4>        |out<3>         |   14.592|
data<4>        |out<4>         |   14.030|
data<4>        |out<5>         |   14.337|
data<4>        |out<6>         |   14.061|
data<4>        |out<7>         |   14.505|
data<5>        |c<0>           |   13.596|
data<5>        |c<1>           |   13.018|
data<5>        |c<2>           |   13.808|
data<5>        |c<3>           |   13.626|
data<5>        |c<4>           |   13.029|
data<5>        |c<5>           |   12.850|
data<5>        |out<0>         |   14.435|
data<5>        |out<1>         |   14.697|
data<5>        |out<2>         |   14.963|
data<5>        |out<3>         |   15.471|
data<5>        |out<4>         |   15.344|
data<5>        |out<5>         |   15.651|
data<5>        |out<6>         |   15.056|
data<5>        |out<7>         |   15.676|
data<6>        |c<0>           |   13.633|
data<6>        |c<1>           |   11.364|
data<6>        |c<2>           |   12.390|
data<6>        |c<3>           |   12.166|
data<6>        |c<4>           |   11.869|
data<6>        |c<5>           |   11.392|
data<6>        |c<6>           |   11.991|
data<6>        |out<0>         |   14.472|
data<6>        |out<1>         |   14.734|
data<6>        |out<2>         |   14.802|
data<6>        |out<3>         |   15.286|
data<6>        |out<4>         |   14.983|
data<6>        |out<5>         |   14.841|
data<6>        |out<6>         |   15.025|
data<6>        |out<7>         |   15.469|
data<7>        |c<0>           |   14.163|
data<7>        |c<1>           |   11.802|
data<7>        |c<2>           |   12.920|
data<7>        |c<3>           |   11.762|
data<7>        |c<4>           |   12.399|
data<7>        |c<5>           |   11.211|
data<7>        |c<6>           |   12.278|
data<7>        |c<7>           |   12.034|
data<7>        |out<0>         |   15.002|
data<7>        |out<1>         |   15.264|
data<7>        |out<2>         |   15.332|
data<7>        |out<3>         |   15.816|
data<7>        |out<4>         |   15.513|
data<7>        |out<5>         |   15.371|
data<7>        |out<6>         |   15.555|
data<7>        |out<7>         |   15.999|
right          |c<0>           |   16.218|
right          |c<1>           |   15.109|
right          |c<2>           |   15.021|
right          |c<3>           |   15.445|
right          |c<4>           |   14.691|
right          |c<5>           |   14.395|
right          |c<6>           |   14.056|
right          |c<7>           |   14.228|
right          |left           |    7.310|
right          |out<0>         |   17.057|
right          |out<1>         |   17.319|
right          |out<2>         |   17.387|
right          |out<3>         |   17.871|
right          |out<4>         |   17.568|
right          |out<5>         |   17.426|
right          |out<6>         |   17.610|
right          |out<7>         |   18.054|
right          |sell<0>        |   15.920|
right          |sell<1>        |   14.677|
right          |sell<2>        |   13.899|
right          |selr<0>        |   14.796|
right          |selr<1>        |   13.750|
right          |selr<2>        |   14.852|
s_sel<0>       |c<0>           |   15.811|
s_sel<0>       |c<1>           |   14.702|
s_sel<0>       |c<2>           |   14.614|
s_sel<0>       |c<3>           |   15.038|
s_sel<0>       |c<4>           |   14.047|
s_sel<0>       |c<5>           |   13.988|
s_sel<0>       |c<6>           |   13.735|
s_sel<0>       |c<7>           |   13.552|
s_sel<0>       |out<0>         |   16.650|
s_sel<0>       |out<1>         |   16.912|
s_sel<0>       |out<2>         |   16.980|
s_sel<0>       |out<3>         |   17.464|
s_sel<0>       |out<4>         |   17.161|
s_sel<0>       |out<5>         |   17.019|
s_sel<0>       |out<6>         |   17.203|
s_sel<0>       |out<7>         |   17.647|
s_sel<0>       |sell<0>        |   15.739|
s_sel<0>       |selr<0>        |   14.389|
s_sel<1>       |c<0>           |   13.786|
s_sel<1>       |c<1>           |   13.992|
s_sel<1>       |c<2>           |   14.076|
s_sel<1>       |c<3>           |   14.422|
s_sel<1>       |c<4>           |   13.966|
s_sel<1>       |c<5>           |   13.370|
s_sel<1>       |c<6>           |   13.779|
s_sel<1>       |c<7>           |   13.364|
s_sel<1>       |out<0>         |   14.625|
s_sel<1>       |out<1>         |   14.887|
s_sel<1>       |out<2>         |   15.394|
s_sel<1>       |out<3>         |   16.357|
s_sel<1>       |out<4>         |   15.978|
s_sel<1>       |out<5>         |   16.260|
s_sel<1>       |out<6>         |   15.646|
s_sel<1>       |out<7>         |   15.944|
s_sel<1>       |sell<1>        |   13.775|
s_sel<1>       |selr<1>        |   13.025|
s_sel<2>       |c<0>           |   14.471|
s_sel<2>       |c<1>           |   14.269|
s_sel<2>       |c<2>           |   13.906|
s_sel<2>       |c<3>           |   13.931|
s_sel<2>       |c<4>           |   14.009|
s_sel<2>       |c<5>           |   13.646|
s_sel<2>       |c<6>           |   14.365|
s_sel<2>       |c<7>           |   14.171|
s_sel<2>       |out<0>         |   15.310|
s_sel<2>       |out<1>         |   15.572|
s_sel<2>       |out<2>         |   15.671|
s_sel<2>       |out<3>         |   16.634|
s_sel<2>       |out<4>         |   16.054|
s_sel<2>       |out<5>         |   15.769|
s_sel<2>       |out<6>         |   15.863|
s_sel<2>       |out<7>         |   16.307|
s_sel<2>       |sell<2>        |   14.122|
s_sel<2>       |selr<2>        |   14.202|
---------------+---------------+---------+


Analysis completed Tue Mar 21 10:06:52 2017 
--------------------------------------------------------------------------------

Trace Settings:
-------------------------
Trace Settings 

Peak Memory Usage: 160 MB



