--------------------------------------------------------------------------------
Release 14.7 Trace  (nt64)
Copyright (c) 1995-2013 Xilinx, Inc.  All rights reserved.

C:\Xilinx\14.7\ISE_DS\ISE\bin\nt64\unwrapped\trce.exe -intstyle ise -v 3 -s 2
-n 3 -fastpaths -xml mrs_8.twx mrs_8.ncd -o mrs_8.twr mrs_8.pcf

Design file:              mrs_8.ncd
Physical constraint file: mrs_8.pcf
Device,package,speed:     xc6slx75t,fgg676,C,-2 (PRODUCTION 1.23 2013-10-13)
Report level:             verbose report

Environment Variable      Effect 
--------------------      ------ 
NONE                      No environment variables were set
--------------------------------------------------------------------------------

INFO:Timing:2698 - No timing constraints found, doing default enumeration.
INFO:Timing:3412 - To improve timing, see the Timing Closure User Guide (UG612).
INFO:Timing:2752 - To get complete path coverage, use the unconstrained paths 
   option. All paths that are not constrained will be reported in the 
   unconstrained paths section(s) of the report.
INFO:Timing:3339 - The clock-to-out numbers in this timing report are based on 
   a 50 Ohm transmission line loading model.  For the details of this model, 
   and for more information on accounting for different loading conditions, 
   please see the device datasheet.



Data Sheet report:
-----------------
All values displayed in nanoseconds (ns)

Pad to Pad
---------------+---------------+---------+
Source Pad     |Destination Pad|  Delay  |
---------------+---------------+---------+
mode<0>        |dir            |    7.181|
mode<0>        |mrsout<0>      |   16.272|
mode<0>        |mrsout<1>      |   15.641|
mode<0>        |mrsout<2>      |   14.909|
mode<0>        |mrsout<3>      |   14.554|
mode<0>        |mrsout<4>      |   15.394|
mode<0>        |mrsout<5>      |   15.415|
mode<0>        |mrsout<6>      |   15.203|
mode<0>        |mrsout<7>      |   14.535|
mode<0>        |muxin0<0>      |   14.758|
mode<0>        |muxin0<1>      |   14.963|
mode<0>        |muxin0<2>      |   19.711|
mode<0>        |muxin1<0>      |   14.025|
mode<0>        |muxin1<1>      |   13.995|
mode<0>        |muxin1<2>      |   14.984|
mode<0>        |muxin1<3>      |   15.475|
mode<0>        |muxin2<0>      |   13.610|
mode<0>        |muxin2<1>      |   13.534|
mode<0>        |muxin2<2>      |   16.711|
mode<0>        |muxin2<3>      |   16.724|
mode<0>        |muxin3<0>      |   13.687|
mode<0>        |muxin3<1>      |   13.674|
mode<0>        |muxin3<2>      |   14.614|
mode<0>        |muxin3<3>      |   14.766|
mode<0>        |muxin4<0>      |   14.714|
mode<0>        |muxin4<1>      |   14.405|
mode<0>        |muxin4<2>      |   16.286|
mode<0>        |muxin4<3>      |   16.167|
mode<0>        |muxin5<0>      |   14.930|
mode<0>        |muxin5<1>      |   14.714|
mode<0>        |muxin5<2>      |   17.567|
mode<0>        |muxin5<3>      |   16.376|
mode<0>        |muxin6<0>      |   14.845|
mode<0>        |muxin6<1>      |   14.999|
mode<0>        |muxin6<2>      |   17.464|
mode<0>        |muxin6<3>      |   15.862|
mode<0>        |muxin7<0>      |   17.433|
mode<0>        |muxin7<1>      |   17.843|
mode<0>        |muxin7<3>      |   17.375|
mode<0>        |rotatenout<0>  |   15.465|
mode<0>        |rotatenout<1>  |   15.129|
mode<0>        |rotatenout<2>  |   15.538|
mode<0>        |rotatenout<3>  |   15.480|
mode<0>        |rotatenout<4>  |   16.390|
mode<0>        |rotatenout<5>  |   17.928|
mode<0>        |rotatenout<6>  |   16.888|
mode<0>        |rotatenout<7>  |   21.344|
mode<0>        |shiftleft<1>   |   17.792|
mode<0>        |shiftleft<2>   |   18.752|
mode<0>        |shiftleft<3>   |   18.099|
mode<0>        |shiftleft<4>   |   15.895|
mode<0>        |shiftleft<5>   |   18.893|
mode<0>        |shiftleft<6>   |   18.929|
mode<0>        |shiftleft<7>   |   19.494|
mode<0>        |shiftright<0>  |   20.143|
mode<0>        |shiftright<1>  |   19.720|
mode<0>        |shiftright<2>  |   19.048|
mode<0>        |shiftright<3>  |   18.672|
mode<0>        |shiftright<4>  |   15.505|
mode<0>        |shiftright<5>  |   18.767|
mode<0>        |shiftright<6>  |   19.029|
mode<1>        |mrsout<0>      |   13.241|
mode<1>        |mrsout<1>      |   13.225|
mode<1>        |mrsout<2>      |   12.841|
mode<1>        |mrsout<3>      |   12.876|
mode<1>        |mrsout<4>      |   12.823|
mode<1>        |mrsout<5>      |   12.398|
mode<1>        |mrsout<6>      |   12.608|
mode<1>        |mrsout<7>      |   12.022|
mrsdata<0>     |mrsout<0>      |   17.351|
mrsdata<0>     |mrsout<1>      |   16.632|
mrsdata<0>     |mrsout<2>      |   16.160|
mrsdata<0>     |mrsout<3>      |   15.580|
mrsdata<0>     |mrsout<4>      |   16.628|
mrsdata<0>     |mrsout<5>      |   16.462|
mrsdata<0>     |mrsout<6>      |   16.169|
mrsdata<0>     |mrsout<7>      |   15.468|
mrsdata<0>     |muxin0<0>      |   15.837|
mrsdata<0>     |muxin0<1>      |   16.042|
mrsdata<0>     |muxin0<2>      |   20.790|
mrsdata<0>     |muxin1<0>      |   15.016|
mrsdata<0>     |muxin1<1>      |   14.986|
mrsdata<0>     |muxin1<2>      |   15.975|
mrsdata<0>     |muxin1<3>      |   16.466|
mrsdata<0>     |muxin2<0>      |   14.861|
mrsdata<0>     |muxin2<1>      |   14.785|
mrsdata<0>     |muxin2<2>      |   17.962|
mrsdata<0>     |muxin2<3>      |   17.975|
mrsdata<0>     |muxin3<0>      |   14.713|
mrsdata<0>     |muxin3<1>      |   14.700|
mrsdata<0>     |muxin3<2>      |   15.640|
mrsdata<0>     |muxin3<3>      |   15.792|
mrsdata<0>     |muxin4<0>      |   15.948|
mrsdata<0>     |muxin4<1>      |   15.639|
mrsdata<0>     |muxin4<2>      |   17.520|
mrsdata<0>     |muxin4<3>      |   17.401|
mrsdata<0>     |muxin5<0>      |   15.977|
mrsdata<0>     |muxin5<1>      |   15.761|
mrsdata<0>     |muxin5<2>      |   18.614|
mrsdata<0>     |muxin5<3>      |   17.423|
mrsdata<0>     |muxin6<0>      |   15.811|
mrsdata<0>     |muxin6<1>      |   15.965|
mrsdata<0>     |muxin6<2>      |   18.430|
mrsdata<0>     |muxin6<3>      |   16.828|
mrsdata<0>     |muxin7<0>      |   18.366|
mrsdata<0>     |muxin7<1>      |   18.776|
mrsdata<0>     |muxin7<3>      |   18.308|
mrsdata<0>     |rotatenout<0>  |   16.544|
mrsdata<0>     |rotatenout<1>  |   16.120|
mrsdata<0>     |rotatenout<2>  |   16.789|
mrsdata<0>     |rotatenout<3>  |   16.506|
mrsdata<0>     |rotatenout<4>  |   17.624|
mrsdata<0>     |rotatenout<5>  |   18.975|
mrsdata<0>     |rotatenout<6>  |   17.854|
mrsdata<0>     |rotatenout<7>  |   22.277|
mrsdata<0>     |shiftleft<1>   |   18.783|
mrsdata<0>     |shiftleft<2>   |   20.003|
mrsdata<0>     |shiftleft<3>   |   19.125|
mrsdata<0>     |shiftleft<4>   |   17.129|
mrsdata<0>     |shiftleft<5>   |   19.940|
mrsdata<0>     |shiftleft<6>   |   19.895|
mrsdata<0>     |shiftleft<7>   |   20.427|
mrsdata<0>     |shiftright<0>  |   21.222|
mrsdata<0>     |shiftright<1>  |   20.711|
mrsdata<0>     |shiftright<2>  |   20.299|
mrsdata<0>     |shiftright<3>  |   19.698|
mrsdata<0>     |shiftright<4>  |   16.739|
mrsdata<0>     |shiftright<5>  |   19.814|
mrsdata<0>     |shiftright<6>  |   19.995|
mrsdata<1>     |mrsout<0>      |   16.911|
mrsdata<1>     |mrsout<1>      |   16.888|
mrsdata<1>     |mrsout<2>      |   16.307|
mrsdata<1>     |mrsout<3>      |   15.568|
mrsdata<1>     |mrsout<4>      |   16.204|
mrsdata<1>     |mrsout<5>      |   16.423|
mrsdata<1>     |mrsout<6>      |   16.216|
mrsdata<1>     |mrsout<7>      |   15.782|
mrsdata<1>     |muxin0<0>      |   15.397|
mrsdata<1>     |muxin0<1>      |   15.602|
mrsdata<1>     |muxin0<2>      |   20.350|
mrsdata<1>     |muxin1<0>      |   15.272|
mrsdata<1>     |muxin1<1>      |   15.242|
mrsdata<1>     |muxin1<2>      |   16.231|
mrsdata<1>     |muxin1<3>      |   16.722|
mrsdata<1>     |muxin2<0>      |   15.008|
mrsdata<1>     |muxin2<1>      |   14.932|
mrsdata<1>     |muxin2<2>      |   18.109|
mrsdata<1>     |muxin2<3>      |   18.122|
mrsdata<1>     |muxin3<0>      |   14.701|
mrsdata<1>     |muxin3<1>      |   14.688|
mrsdata<1>     |muxin3<2>      |   15.628|
mrsdata<1>     |muxin3<3>      |   15.780|
mrsdata<1>     |muxin4<0>      |   15.524|
mrsdata<1>     |muxin4<1>      |   15.215|
mrsdata<1>     |muxin4<2>      |   17.096|
mrsdata<1>     |muxin4<3>      |   16.977|
mrsdata<1>     |muxin5<0>      |   15.938|
mrsdata<1>     |muxin5<1>      |   15.722|
mrsdata<1>     |muxin5<2>      |   18.575|
mrsdata<1>     |muxin5<3>      |   17.384|
mrsdata<1>     |muxin6<0>      |   15.858|
mrsdata<1>     |muxin6<1>      |   16.012|
mrsdata<1>     |muxin6<2>      |   18.477|
mrsdata<1>     |muxin6<3>      |   16.875|
mrsdata<1>     |muxin7<0>      |   18.680|
mrsdata<1>     |muxin7<1>      |   19.090|
mrsdata<1>     |muxin7<3>      |   18.622|
mrsdata<1>     |rotatenout<0>  |   16.104|
mrsdata<1>     |rotatenout<1>  |   16.376|
mrsdata<1>     |rotatenout<2>  |   16.936|
mrsdata<1>     |rotatenout<3>  |   16.494|
mrsdata<1>     |rotatenout<4>  |   17.200|
mrsdata<1>     |rotatenout<5>  |   18.936|
mrsdata<1>     |rotatenout<6>  |   17.901|
mrsdata<1>     |rotatenout<7>  |   22.591|
mrsdata<1>     |shiftleft<1>   |   19.039|
mrsdata<1>     |shiftleft<2>   |   20.150|
mrsdata<1>     |shiftleft<3>   |   19.113|
mrsdata<1>     |shiftleft<4>   |   16.705|
mrsdata<1>     |shiftleft<5>   |   19.901|
mrsdata<1>     |shiftleft<6>   |   19.942|
mrsdata<1>     |shiftleft<7>   |   20.741|
mrsdata<1>     |shiftright<0>  |   20.782|
mrsdata<1>     |shiftright<1>  |   20.967|
mrsdata<1>     |shiftright<2>  |   20.446|
mrsdata<1>     |shiftright<3>  |   19.686|
mrsdata<1>     |shiftright<4>  |   16.315|
mrsdata<1>     |shiftright<5>  |   19.775|
mrsdata<1>     |shiftright<6>  |   20.042|
mrsdata<2>     |mrsout<0>      |   17.540|
mrsdata<2>     |mrsout<1>      |   17.122|
mrsdata<2>     |mrsout<2>      |   16.243|
mrsdata<2>     |mrsout<3>      |   15.802|
mrsdata<2>     |mrsout<4>      |   16.662|
mrsdata<2>     |mrsout<5>      |   16.657|
mrsdata<2>     |mrsout<6>      |   16.471|
mrsdata<2>     |mrsout<7>      |   16.016|
mrsdata<2>     |muxin0<0>      |   16.026|
mrsdata<2>     |muxin0<1>      |   16.231|
mrsdata<2>     |muxin0<2>      |   20.979|
mrsdata<2>     |muxin1<0>      |   15.506|
mrsdata<2>     |muxin1<1>      |   15.476|
mrsdata<2>     |muxin1<2>      |   16.465|
mrsdata<2>     |muxin1<3>      |   16.956|
mrsdata<2>     |muxin2<0>      |   14.944|
mrsdata<2>     |muxin2<1>      |   14.868|
mrsdata<2>     |muxin2<2>      |   18.045|
mrsdata<2>     |muxin2<3>      |   18.058|
mrsdata<2>     |muxin3<0>      |   14.935|
mrsdata<2>     |muxin3<1>      |   14.922|
mrsdata<2>     |muxin3<2>      |   15.862|
mrsdata<2>     |muxin3<3>      |   16.014|
mrsdata<2>     |muxin4<0>      |   15.982|
mrsdata<2>     |muxin4<1>      |   15.673|
mrsdata<2>     |muxin4<2>      |   17.554|
mrsdata<2>     |muxin4<3>      |   17.435|
mrsdata<2>     |muxin5<0>      |   16.172|
mrsdata<2>     |muxin5<1>      |   15.956|
mrsdata<2>     |muxin5<2>      |   18.809|
mrsdata<2>     |muxin5<3>      |   17.618|
mrsdata<2>     |muxin6<0>      |   16.113|
mrsdata<2>     |muxin6<1>      |   16.267|
mrsdata<2>     |muxin6<2>      |   18.732|
mrsdata<2>     |muxin6<3>      |   17.130|
mrsdata<2>     |muxin7<0>      |   18.914|
mrsdata<2>     |muxin7<1>      |   19.324|
mrsdata<2>     |muxin7<3>      |   18.856|
mrsdata<2>     |rotatenout<0>  |   16.733|
mrsdata<2>     |rotatenout<1>  |   16.610|
mrsdata<2>     |rotatenout<2>  |   16.872|
mrsdata<2>     |rotatenout<3>  |   16.728|
mrsdata<2>     |rotatenout<4>  |   17.658|
mrsdata<2>     |rotatenout<5>  |   19.170|
mrsdata<2>     |rotatenout<6>  |   18.156|
mrsdata<2>     |rotatenout<7>  |   22.825|
mrsdata<2>     |shiftleft<1>   |   19.273|
mrsdata<2>     |shiftleft<2>   |   20.086|
mrsdata<2>     |shiftleft<3>   |   19.347|
mrsdata<2>     |shiftleft<4>   |   17.163|
mrsdata<2>     |shiftleft<5>   |   20.135|
mrsdata<2>     |shiftleft<6>   |   20.197|
mrsdata<2>     |shiftleft<7>   |   20.975|
mrsdata<2>     |shiftright<0>  |   21.411|
mrsdata<2>     |shiftright<1>  |   21.201|
mrsdata<2>     |shiftright<2>  |   20.382|
mrsdata<2>     |shiftright<3>  |   19.920|
mrsdata<2>     |shiftright<4>  |   16.773|
mrsdata<2>     |shiftright<5>  |   20.009|
mrsdata<2>     |shiftright<6>  |   20.297|
mrsdata<3>     |mrsout<0>      |   17.183|
mrsdata<3>     |mrsout<1>      |   17.074|
mrsdata<3>     |mrsout<2>      |   15.641|
mrsdata<3>     |mrsout<3>      |   15.836|
mrsdata<3>     |mrsout<4>      |   16.305|
mrsdata<3>     |mrsout<5>      |   16.865|
mrsdata<3>     |mrsout<6>      |   16.114|
mrsdata<3>     |mrsout<7>      |   16.035|
mrsdata<3>     |muxin0<0>      |   15.669|
mrsdata<3>     |muxin0<1>      |   15.874|
mrsdata<3>     |muxin0<2>      |   20.622|
mrsdata<3>     |muxin1<0>      |   15.458|
mrsdata<3>     |muxin1<1>      |   15.428|
mrsdata<3>     |muxin1<2>      |   16.417|
mrsdata<3>     |muxin1<3>      |   16.908|
mrsdata<3>     |muxin2<0>      |   14.342|
mrsdata<3>     |muxin2<1>      |   14.266|
mrsdata<3>     |muxin2<2>      |   17.443|
mrsdata<3>     |muxin2<3>      |   17.456|
mrsdata<3>     |muxin3<0>      |   14.969|
mrsdata<3>     |muxin3<1>      |   14.956|
mrsdata<3>     |muxin3<2>      |   15.896|
mrsdata<3>     |muxin3<3>      |   16.048|
mrsdata<3>     |muxin4<0>      |   15.625|
mrsdata<3>     |muxin4<1>      |   15.316|
mrsdata<3>     |muxin4<2>      |   17.197|
mrsdata<3>     |muxin4<3>      |   17.078|
mrsdata<3>     |muxin5<0>      |   16.380|
mrsdata<3>     |muxin5<1>      |   16.164|
mrsdata<3>     |muxin5<2>      |   19.017|
mrsdata<3>     |muxin5<3>      |   17.826|
mrsdata<3>     |muxin6<0>      |   15.756|
mrsdata<3>     |muxin6<1>      |   15.910|
mrsdata<3>     |muxin6<2>      |   18.375|
mrsdata<3>     |muxin6<3>      |   16.773|
mrsdata<3>     |muxin7<0>      |   18.933|
mrsdata<3>     |muxin7<1>      |   19.343|
mrsdata<3>     |muxin7<3>      |   18.875|
mrsdata<3>     |rotatenout<0>  |   16.376|
mrsdata<3>     |rotatenout<1>  |   16.562|
mrsdata<3>     |rotatenout<2>  |   16.270|
mrsdata<3>     |rotatenout<3>  |   16.762|
mrsdata<3>     |rotatenout<4>  |   17.301|
mrsdata<3>     |rotatenout<5>  |   19.378|
mrsdata<3>     |rotatenout<6>  |   17.799|
mrsdata<3>     |rotatenout<7>  |   22.844|
mrsdata<3>     |shiftleft<1>   |   19.225|
mrsdata<3>     |shiftleft<2>   |   19.484|
mrsdata<3>     |shiftleft<3>   |   19.381|
mrsdata<3>     |shiftleft<4>   |   16.806|
mrsdata<3>     |shiftleft<5>   |   20.343|
mrsdata<3>     |shiftleft<6>   |   19.840|
mrsdata<3>     |shiftleft<7>   |   20.994|
mrsdata<3>     |shiftright<0>  |   21.054|
mrsdata<3>     |shiftright<1>  |   21.153|
mrsdata<3>     |shiftright<2>  |   19.780|
mrsdata<3>     |shiftright<3>  |   19.954|
mrsdata<3>     |shiftright<4>  |   16.416|
mrsdata<3>     |shiftright<5>  |   20.217|
mrsdata<3>     |shiftright<6>  |   19.940|
mrsdata<4>     |mrsout<0>      |   17.848|
mrsdata<4>     |mrsout<1>      |   17.014|
mrsdata<4>     |mrsout<2>      |   16.373|
mrsdata<4>     |mrsout<3>      |   15.846|
mrsdata<4>     |mrsout<4>      |   16.970|
mrsdata<4>     |mrsout<5>      |   16.875|
mrsdata<4>     |mrsout<6>      |   16.779|
mrsdata<4>     |mrsout<7>      |   16.045|
mrsdata<4>     |muxin0<0>      |   16.334|
mrsdata<4>     |muxin0<1>      |   16.539|
mrsdata<4>     |muxin0<2>      |   21.287|
mrsdata<4>     |muxin1<0>      |   15.398|
mrsdata<4>     |muxin1<1>      |   15.368|
mrsdata<4>     |muxin1<2>      |   16.357|
mrsdata<4>     |muxin1<3>      |   16.848|
mrsdata<4>     |muxin2<0>      |   15.074|
mrsdata<4>     |muxin2<1>      |   14.998|
mrsdata<4>     |muxin2<2>      |   18.175|
mrsdata<4>     |muxin2<3>      |   18.188|
mrsdata<4>     |muxin3<0>      |   14.979|
mrsdata<4>     |muxin3<1>      |   14.966|
mrsdata<4>     |muxin3<2>      |   15.906|
mrsdata<4>     |muxin3<3>      |   16.058|
mrsdata<4>     |muxin4<0>      |   16.290|
mrsdata<4>     |muxin4<1>      |   15.981|
mrsdata<4>     |muxin4<2>      |   17.862|
mrsdata<4>     |muxin4<3>      |   17.743|
mrsdata<4>     |muxin5<0>      |   16.390|
mrsdata<4>     |muxin5<1>      |   16.174|
mrsdata<4>     |muxin5<2>      |   19.027|
mrsdata<4>     |muxin5<3>      |   17.836|
mrsdata<4>     |muxin6<0>      |   16.421|
mrsdata<4>     |muxin6<1>      |   16.575|
mrsdata<4>     |muxin6<2>      |   19.040|
mrsdata<4>     |muxin6<3>      |   17.438|
mrsdata<4>     |muxin7<0>      |   18.943|
mrsdata<4>     |muxin7<1>      |   19.353|
mrsdata<4>     |muxin7<3>      |   18.885|
mrsdata<4>     |rotatenout<0>  |   17.041|
mrsdata<4>     |rotatenout<1>  |   16.502|
mrsdata<4>     |rotatenout<2>  |   17.002|
mrsdata<4>     |rotatenout<3>  |   16.772|
mrsdata<4>     |rotatenout<4>  |   17.966|
mrsdata<4>     |rotatenout<5>  |   19.388|
mrsdata<4>     |rotatenout<6>  |   18.464|
mrsdata<4>     |rotatenout<7>  |   22.854|
mrsdata<4>     |shiftleft<1>   |   19.165|
mrsdata<4>     |shiftleft<2>   |   20.216|
mrsdata<4>     |shiftleft<3>   |   19.391|
mrsdata<4>     |shiftleft<4>   |   17.471|
mrsdata<4>     |shiftleft<5>   |   20.353|
mrsdata<4>     |shiftleft<6>   |   20.505|
mrsdata<4>     |shiftleft<7>   |   21.004|
mrsdata<4>     |shiftright<0>  |   21.719|
mrsdata<4>     |shiftright<1>  |   21.093|
mrsdata<4>     |shiftright<2>  |   20.512|
mrsdata<4>     |shiftright<3>  |   19.964|
mrsdata<4>     |shiftright<4>  |   17.081|
mrsdata<4>     |shiftright<5>  |   20.227|
mrsdata<4>     |shiftright<6>  |   20.605|
mrsdata<5>     |mrsout<0>      |   16.469|
mrsdata<5>     |mrsout<1>      |   16.786|
mrsdata<5>     |mrsout<2>      |   15.917|
mrsdata<5>     |mrsout<3>      |   15.187|
mrsdata<5>     |mrsout<4>      |   15.987|
mrsdata<5>     |mrsout<5>      |   16.614|
mrsdata<5>     |mrsout<6>      |   15.965|
mrsdata<5>     |mrsout<7>      |   15.748|
mrsdata<5>     |muxin0<0>      |   14.955|
mrsdata<5>     |muxin0<1>      |   15.160|
mrsdata<5>     |muxin0<2>      |   19.908|
mrsdata<5>     |muxin1<0>      |   15.170|
mrsdata<5>     |muxin1<1>      |   15.140|
mrsdata<5>     |muxin1<2>      |   16.129|
mrsdata<5>     |muxin1<3>      |   16.620|
mrsdata<5>     |muxin2<0>      |   14.618|
mrsdata<5>     |muxin2<1>      |   14.542|
mrsdata<5>     |muxin2<2>      |   17.719|
mrsdata<5>     |muxin2<3>      |   17.732|
mrsdata<5>     |muxin3<0>      |   14.320|
mrsdata<5>     |muxin3<1>      |   14.307|
mrsdata<5>     |muxin3<2>      |   15.247|
mrsdata<5>     |muxin3<3>      |   15.399|
mrsdata<5>     |muxin4<0>      |   15.307|
mrsdata<5>     |muxin4<1>      |   14.998|
mrsdata<5>     |muxin4<2>      |   16.879|
mrsdata<5>     |muxin4<3>      |   16.760|
mrsdata<5>     |muxin5<0>      |   16.129|
mrsdata<5>     |muxin5<1>      |   15.913|
mrsdata<5>     |muxin5<2>      |   18.766|
mrsdata<5>     |muxin5<3>      |   17.575|
mrsdata<5>     |muxin6<0>      |   15.607|
mrsdata<5>     |muxin6<1>      |   15.761|
mrsdata<5>     |muxin6<2>      |   18.226|
mrsdata<5>     |muxin6<3>      |   16.624|
mrsdata<5>     |muxin7<0>      |   18.646|
mrsdata<5>     |muxin7<1>      |   19.056|
mrsdata<5>     |muxin7<3>      |   18.588|
mrsdata<5>     |rotatenout<0>  |   15.662|
mrsdata<5>     |rotatenout<1>  |   16.274|
mrsdata<5>     |rotatenout<2>  |   16.546|
mrsdata<5>     |rotatenout<3>  |   16.113|
mrsdata<5>     |rotatenout<4>  |   16.983|
mrsdata<5>     |rotatenout<5>  |   19.127|
mrsdata<5>     |rotatenout<6>  |   17.650|
mrsdata<5>     |rotatenout<7>  |   22.557|
mrsdata<5>     |shiftleft<1>   |   18.937|
mrsdata<5>     |shiftleft<2>   |   19.760|
mrsdata<5>     |shiftleft<3>   |   18.732|
mrsdata<5>     |shiftleft<4>   |   16.488|
mrsdata<5>     |shiftleft<5>   |   20.092|
mrsdata<5>     |shiftleft<6>   |   19.691|
mrsdata<5>     |shiftleft<7>   |   20.707|
mrsdata<5>     |shiftright<0>  |   20.340|
mrsdata<5>     |shiftright<1>  |   20.865|
mrsdata<5>     |shiftright<2>  |   20.056|
mrsdata<5>     |shiftright<3>  |   19.305|
mrsdata<5>     |shiftright<4>  |   16.098|
mrsdata<5>     |shiftright<5>  |   19.966|
mrsdata<5>     |shiftright<6>  |   19.791|
mrsdata<6>     |mrsout<0>      |   17.181|
mrsdata<6>     |mrsout<1>      |   16.991|
mrsdata<6>     |mrsout<2>      |   15.990|
mrsdata<6>     |mrsout<3>      |   15.392|
mrsdata<6>     |mrsout<4>      |   16.458|
mrsdata<6>     |mrsout<5>      |   16.819|
mrsdata<6>     |mrsout<6>      |   15.999|
mrsdata<6>     |mrsout<7>      |   15.953|
mrsdata<6>     |muxin0<0>      |   15.667|
mrsdata<6>     |muxin0<1>      |   15.872|
mrsdata<6>     |muxin0<2>      |   20.620|
mrsdata<6>     |muxin1<0>      |   15.375|
mrsdata<6>     |muxin1<1>      |   15.345|
mrsdata<6>     |muxin1<2>      |   16.334|
mrsdata<6>     |muxin1<3>      |   16.825|
mrsdata<6>     |muxin2<0>      |   14.691|
mrsdata<6>     |muxin2<1>      |   14.615|
mrsdata<6>     |muxin2<2>      |   17.792|
mrsdata<6>     |muxin2<3>      |   17.805|
mrsdata<6>     |muxin3<0>      |   14.525|
mrsdata<6>     |muxin3<1>      |   14.512|
mrsdata<6>     |muxin3<2>      |   15.452|
mrsdata<6>     |muxin3<3>      |   15.604|
mrsdata<6>     |muxin4<0>      |   15.778|
mrsdata<6>     |muxin4<1>      |   15.469|
mrsdata<6>     |muxin4<2>      |   17.350|
mrsdata<6>     |muxin4<3>      |   17.231|
mrsdata<6>     |muxin5<0>      |   16.334|
mrsdata<6>     |muxin5<1>      |   16.118|
mrsdata<6>     |muxin5<2>      |   18.971|
mrsdata<6>     |muxin5<3>      |   17.780|
mrsdata<6>     |muxin6<0>      |   15.641|
mrsdata<6>     |muxin6<1>      |   15.795|
mrsdata<6>     |muxin6<2>      |   18.260|
mrsdata<6>     |muxin6<3>      |   16.658|
mrsdata<6>     |muxin7<0>      |   18.851|
mrsdata<6>     |muxin7<1>      |   19.261|
mrsdata<6>     |muxin7<3>      |   18.793|
mrsdata<6>     |rotatenout<0>  |   16.374|
mrsdata<6>     |rotatenout<1>  |   16.479|
mrsdata<6>     |rotatenout<2>  |   16.619|
mrsdata<6>     |rotatenout<3>  |   16.318|
mrsdata<6>     |rotatenout<4>  |   17.454|
mrsdata<6>     |rotatenout<5>  |   19.332|
mrsdata<6>     |rotatenout<6>  |   17.684|
mrsdata<6>     |rotatenout<7>  |   22.762|
mrsdata<6>     |shiftleft<1>   |   19.142|
mrsdata<6>     |shiftleft<2>   |   19.833|
mrsdata<6>     |shiftleft<3>   |   18.937|
mrsdata<6>     |shiftleft<4>   |   16.959|
mrsdata<6>     |shiftleft<5>   |   20.297|
mrsdata<6>     |shiftleft<6>   |   19.725|
mrsdata<6>     |shiftleft<7>   |   20.912|
mrsdata<6>     |shiftright<0>  |   21.052|
mrsdata<6>     |shiftright<1>  |   21.070|
mrsdata<6>     |shiftright<2>  |   20.129|
mrsdata<6>     |shiftright<3>  |   19.510|
mrsdata<6>     |shiftright<4>  |   16.569|
mrsdata<6>     |shiftright<5>  |   20.171|
mrsdata<6>     |shiftright<6>  |   19.825|
mrsdata<7>     |mrsout<0>      |   16.746|
mrsdata<7>     |mrsout<1>      |   16.850|
mrsdata<7>     |mrsout<2>      |   15.555|
mrsdata<7>     |mrsout<3>      |   15.251|
mrsdata<7>     |mrsout<4>      |   16.023|
mrsdata<7>     |mrsout<5>      |   16.678|
mrsdata<7>     |mrsout<6>      |   15.564|
mrsdata<7>     |mrsout<7>      |   15.812|
mrsdata<7>     |muxin0<0>      |   15.232|
mrsdata<7>     |muxin0<1>      |   15.437|
mrsdata<7>     |muxin0<2>      |   20.185|
mrsdata<7>     |muxin1<0>      |   15.234|
mrsdata<7>     |muxin1<1>      |   15.204|
mrsdata<7>     |muxin1<2>      |   16.193|
mrsdata<7>     |muxin1<3>      |   16.684|
mrsdata<7>     |muxin2<0>      |   14.256|
mrsdata<7>     |muxin2<1>      |   14.180|
mrsdata<7>     |muxin2<2>      |   17.357|
mrsdata<7>     |muxin2<3>      |   17.370|
mrsdata<7>     |muxin3<0>      |   14.384|
mrsdata<7>     |muxin3<1>      |   14.371|
mrsdata<7>     |muxin3<2>      |   15.311|
mrsdata<7>     |muxin3<3>      |   15.463|
mrsdata<7>     |muxin4<0>      |   15.343|
mrsdata<7>     |muxin4<1>      |   15.034|
mrsdata<7>     |muxin4<2>      |   16.915|
mrsdata<7>     |muxin4<3>      |   16.796|
mrsdata<7>     |muxin5<0>      |   16.193|
mrsdata<7>     |muxin5<1>      |   15.977|
mrsdata<7>     |muxin5<2>      |   18.830|
mrsdata<7>     |muxin5<3>      |   17.639|
mrsdata<7>     |muxin6<0>      |   15.206|
mrsdata<7>     |muxin6<1>      |   15.360|
mrsdata<7>     |muxin6<2>      |   17.825|
mrsdata<7>     |muxin6<3>      |   16.223|
mrsdata<7>     |muxin7<0>      |   18.710|
mrsdata<7>     |muxin7<1>      |   19.120|
mrsdata<7>     |muxin7<3>      |   18.652|
mrsdata<7>     |rotatenout<0>  |   15.939|
mrsdata<7>     |rotatenout<1>  |   16.338|
mrsdata<7>     |rotatenout<2>  |   16.184|
mrsdata<7>     |rotatenout<3>  |   16.177|
mrsdata<7>     |rotatenout<4>  |   17.019|
mrsdata<7>     |rotatenout<5>  |   19.191|
mrsdata<7>     |rotatenout<6>  |   17.249|
mrsdata<7>     |rotatenout<7>  |   22.621|
mrsdata<7>     |shiftleft<1>   |   19.001|
mrsdata<7>     |shiftleft<2>   |   19.398|
mrsdata<7>     |shiftleft<3>   |   18.796|
mrsdata<7>     |shiftleft<4>   |   16.524|
mrsdata<7>     |shiftleft<5>   |   20.156|
mrsdata<7>     |shiftleft<6>   |   19.290|
mrsdata<7>     |shiftleft<7>   |   20.771|
mrsdata<7>     |shiftright<0>  |   20.617|
mrsdata<7>     |shiftright<1>  |   20.929|
mrsdata<7>     |shiftright<2>  |   19.694|
mrsdata<7>     |shiftright<3>  |   19.369|
mrsdata<7>     |shiftright<4>  |   16.134|
mrsdata<7>     |shiftright<5>  |   20.030|
mrsdata<7>     |shiftright<6>  |   19.390|
mrssel<0>      |inv_mask<0>    |   14.582|
mrssel<0>      |inv_mask<1>    |   15.855|
mrssel<0>      |inv_mask<2>    |   14.673|
mrssel<0>      |inv_mask<3>    |   15.364|
mrssel<0>      |inv_mask<4>    |   14.488|
mrssel<0>      |inv_mask<5>    |   15.739|
mrssel<0>      |inv_mask<6>    |   13.916|
mrssel<0>      |l_mask<1>      |   13.604|
mrssel<0>      |l_mask<2>      |   14.301|
mrssel<0>      |l_mask<3>      |   13.964|
mrssel<0>      |l_mask<4>      |   13.977|
mrssel<0>      |l_mask<5>      |   13.147|
mrssel<0>      |l_mask<6>      |   13.420|
mrssel<0>      |l_mask<7>      |   12.844|
mrssel<0>      |mrsout<0>      |   18.455|
mrssel<0>      |mrsout<1>      |   18.001|
mrssel<0>      |mrsout<2>      |   17.292|
mrssel<0>      |mrsout<3>      |   16.949|
mrssel<0>      |mrsout<4>      |   17.577|
mrssel<0>      |mrsout<5>      |   17.831|
mrssel<0>      |mrsout<6>      |   17.386|
mrssel<0>      |mrsout<7>      |   16.837|
mrssel<0>      |muxin0<0>      |   16.941|
mrssel<0>      |muxin0<1>      |   17.146|
mrssel<0>      |muxin0<2>      |   21.894|
mrssel<0>      |muxin1<0>      |   16.385|
mrssel<0>      |muxin1<1>      |   16.355|
mrssel<0>      |muxin1<2>      |   17.344|
mrssel<0>      |muxin1<3>      |   17.835|
mrssel<0>      |muxin2<0>      |   15.993|
mrssel<0>      |muxin2<1>      |   15.917|
mrssel<0>      |muxin2<2>      |   19.094|
mrssel<0>      |muxin2<3>      |   19.107|
mrssel<0>      |muxin3<0>      |   16.082|
mrssel<0>      |muxin3<1>      |   16.069|
mrssel<0>      |muxin3<2>      |   17.009|
mrssel<0>      |muxin3<3>      |   17.161|
mrssel<0>      |muxin4<0>      |   16.897|
mrssel<0>      |muxin4<1>      |   16.588|
mrssel<0>      |muxin4<2>      |   18.469|
mrssel<0>      |muxin4<3>      |   18.350|
mrssel<0>      |muxin5<0>      |   17.346|
mrssel<0>      |muxin5<1>      |   17.130|
mrssel<0>      |muxin5<2>      |   19.983|
mrssel<0>      |muxin5<3>      |   18.792|
mrssel<0>      |muxin6<0>      |   17.028|
mrssel<0>      |muxin6<1>      |   17.182|
mrssel<0>      |muxin6<2>      |   19.647|
mrssel<0>      |muxin6<3>      |   18.045|
mrssel<0>      |muxin7<0>      |   19.735|
mrssel<0>      |muxin7<1>      |   20.145|
mrssel<0>      |muxin7<3>      |   19.677|
mrssel<0>      |r_mask<0>      |   13.958|
mrssel<0>      |r_mask<1>      |   16.000|
mrssel<0>      |r_mask<2>      |   14.386|
mrssel<0>      |r_mask<3>      |   14.344|
mrssel<0>      |r_mask<4>      |   14.694|
mrssel<0>      |r_mask<5>      |   15.739|
mrssel<0>      |r_mask<6>      |   14.567|
mrssel<0>      |rotatenout<0>  |   17.648|
mrssel<0>      |rotatenout<1>  |   17.489|
mrssel<0>      |rotatenout<2>  |   17.921|
mrssel<0>      |rotatenout<3>  |   17.875|
mrssel<0>      |rotatenout<4>  |   18.573|
mrssel<0>      |rotatenout<5>  |   20.344|
mrssel<0>      |rotatenout<6>  |   19.071|
mrssel<0>      |rotatenout<7>  |   23.646|
mrssel<0>      |shiftleft<1>   |   20.152|
mrssel<0>      |shiftleft<2>   |   21.135|
mrssel<0>      |shiftleft<3>   |   20.494|
mrssel<0>      |shiftleft<4>   |   18.078|
mrssel<0>      |shiftleft<5>   |   21.309|
mrssel<0>      |shiftleft<6>   |   21.112|
mrssel<0>      |shiftleft<7>   |   21.796|
mrssel<0>      |shiftright<0>  |   22.326|
mrssel<0>      |shiftright<1>  |   22.080|
mrssel<0>      |shiftright<2>  |   21.431|
mrssel<0>      |shiftright<3>  |   21.067|
mrssel<0>      |shiftright<4>  |   17.688|
mrssel<0>      |shiftright<5>  |   21.183|
mrssel<0>      |shiftright<6>  |   21.212|
mrssel<1>      |inv_mask<0>    |   14.672|
mrssel<1>      |inv_mask<1>    |   15.067|
mrssel<1>      |inv_mask<2>    |   14.078|
mrssel<1>      |inv_mask<3>    |   15.089|
mrssel<1>      |inv_mask<4>    |   14.213|
mrssel<1>      |inv_mask<5>    |   14.951|
mrssel<1>      |inv_mask<6>    |   13.911|
mrssel<1>      |l_mask<1>      |   13.599|
mrssel<1>      |l_mask<2>      |   13.706|
mrssel<1>      |l_mask<3>      |   13.689|
mrssel<1>      |l_mask<4>      |   13.702|
mrssel<1>      |l_mask<5>      |   13.237|
mrssel<1>      |l_mask<6>      |   13.415|
mrssel<1>      |l_mask<7>      |   12.934|
mrssel<1>      |mrsout<0>      |   16.561|
mrssel<1>      |mrsout<1>      |   16.215|
mrssel<1>      |mrsout<2>      |   16.100|
mrssel<1>      |mrsout<3>      |   15.917|
mrssel<1>      |mrsout<4>      |   16.480|
mrssel<1>      |mrsout<5>      |   15.482|
mrssel<1>      |mrsout<6>      |   16.280|
mrssel<1>      |mrsout<7>      |   15.715|
mrssel<1>      |muxin0<0>      |   15.047|
mrssel<1>      |muxin0<1>      |   15.252|
mrssel<1>      |muxin0<2>      |   20.000|
mrssel<1>      |muxin1<0>      |   14.599|
mrssel<1>      |muxin1<1>      |   14.569|
mrssel<1>      |muxin1<2>      |   15.558|
mrssel<1>      |muxin1<3>      |   16.049|
mrssel<1>      |muxin2<0>      |   14.801|
mrssel<1>      |muxin2<1>      |   14.725|
mrssel<1>      |muxin2<2>      |   17.902|
mrssel<1>      |muxin2<3>      |   17.915|
mrssel<1>      |muxin3<0>      |   15.050|
mrssel<1>      |muxin3<1>      |   15.037|
mrssel<1>      |muxin3<2>      |   15.977|
mrssel<1>      |muxin3<3>      |   16.129|
mrssel<1>      |muxin4<0>      |   15.800|
mrssel<1>      |muxin4<1>      |   15.491|
mrssel<1>      |muxin4<2>      |   17.372|
mrssel<1>      |muxin4<3>      |   17.253|
mrssel<1>      |muxin5<0>      |   14.997|
mrssel<1>      |muxin5<1>      |   14.781|
mrssel<1>      |muxin5<2>      |   17.634|
mrssel<1>      |muxin5<3>      |   16.443|
mrssel<1>      |muxin6<0>      |   15.922|
mrssel<1>      |muxin6<1>      |   16.076|
mrssel<1>      |muxin6<2>      |   18.541|
mrssel<1>      |muxin6<3>      |   16.939|
mrssel<1>      |muxin7<0>      |   18.613|
mrssel<1>      |muxin7<1>      |   19.023|
mrssel<1>      |muxin7<3>      |   18.555|
mrssel<1>      |r_mask<0>      |   14.048|
mrssel<1>      |r_mask<1>      |   15.212|
mrssel<1>      |r_mask<2>      |   13.791|
mrssel<1>      |r_mask<3>      |   14.069|
mrssel<1>      |r_mask<4>      |   14.419|
mrssel<1>      |r_mask<5>      |   14.951|
mrssel<1>      |r_mask<6>      |   14.562|
mrssel<1>      |rotatenout<0>  |   15.754|
mrssel<1>      |rotatenout<1>  |   15.703|
mrssel<1>      |rotatenout<2>  |   16.729|
mrssel<1>      |rotatenout<3>  |   16.843|
mrssel<1>      |rotatenout<4>  |   17.476|
mrssel<1>      |rotatenout<5>  |   17.995|
mrssel<1>      |rotatenout<6>  |   17.965|
mrssel<1>      |rotatenout<7>  |   22.524|
mrssel<1>      |shiftleft<1>   |   18.366|
mrssel<1>      |shiftleft<2>   |   19.943|
mrssel<1>      |shiftleft<3>   |   19.462|
mrssel<1>      |shiftleft<4>   |   16.981|
mrssel<1>      |shiftleft<5>   |   18.960|
mrssel<1>      |shiftleft<6>   |   20.006|
mrssel<1>      |shiftleft<7>   |   20.674|
mrssel<1>      |shiftright<0>  |   20.432|
mrssel<1>      |shiftright<1>  |   20.294|
mrssel<1>      |shiftright<2>  |   20.239|
mrssel<1>      |shiftright<3>  |   20.035|
mrssel<1>      |shiftright<4>  |   16.591|
mrssel<1>      |shiftright<5>  |   18.834|
mrssel<1>      |shiftright<6>  |   20.106|
mrssel<2>      |inv_mask<0>    |   14.264|
mrssel<2>      |inv_mask<1>    |   14.656|
mrssel<2>      |inv_mask<2>    |   13.661|
mrssel<2>      |inv_mask<3>    |   14.639|
mrssel<2>      |inv_mask<4>    |   13.763|
mrssel<2>      |inv_mask<5>    |   14.540|
mrssel<2>      |inv_mask<6>    |   13.294|
mrssel<2>      |l_mask<1>      |   12.982|
mrssel<2>      |l_mask<2>      |   13.289|
mrssel<2>      |l_mask<3>      |   13.239|
mrssel<2>      |l_mask<4>      |   13.252|
mrssel<2>      |l_mask<5>      |   12.829|
mrssel<2>      |l_mask<6>      |   12.798|
mrssel<2>      |l_mask<7>      |   12.526|
mrssel<2>      |mrsout<0>      |   15.596|
mrssel<2>      |mrsout<1>      |   15.184|
mrssel<2>      |mrsout<2>      |   15.358|
mrssel<2>      |mrsout<3>      |   15.033|
mrssel<2>      |mrsout<4>      |   15.348|
mrssel<2>      |mrsout<5>      |   14.924|
mrssel<2>      |mrsout<6>      |   15.247|
mrssel<2>      |mrsout<7>      |   14.540|
mrssel<2>      |muxin0<0>      |   14.082|
mrssel<2>      |muxin0<1>      |   14.287|
mrssel<2>      |muxin0<2>      |   19.035|
mrssel<2>      |muxin1<0>      |   13.568|
mrssel<2>      |muxin1<1>      |   13.538|
mrssel<2>      |muxin1<2>      |   14.527|
mrssel<2>      |muxin1<3>      |   15.018|
mrssel<2>      |muxin2<0>      |   14.059|
mrssel<2>      |muxin2<1>      |   13.983|
mrssel<2>      |muxin2<2>      |   17.160|
mrssel<2>      |muxin2<3>      |   17.173|
mrssel<2>      |muxin3<0>      |   14.166|
mrssel<2>      |muxin3<1>      |   14.153|
mrssel<2>      |muxin3<2>      |   15.093|
mrssel<2>      |muxin3<3>      |   15.245|
mrssel<2>      |muxin4<0>      |   14.668|
mrssel<2>      |muxin4<1>      |   14.359|
mrssel<2>      |muxin4<2>      |   16.240|
mrssel<2>      |muxin4<3>      |   16.121|
mrssel<2>      |muxin5<0>      |   14.439|
mrssel<2>      |muxin5<1>      |   14.223|
mrssel<2>      |muxin5<2>      |   17.076|
mrssel<2>      |muxin5<3>      |   15.885|
mrssel<2>      |muxin6<0>      |   14.889|
mrssel<2>      |muxin6<1>      |   15.043|
mrssel<2>      |muxin6<2>      |   17.508|
mrssel<2>      |muxin6<3>      |   15.906|
mrssel<2>      |muxin7<0>      |   17.438|
mrssel<2>      |muxin7<1>      |   17.848|
mrssel<2>      |muxin7<3>      |   17.380|
mrssel<2>      |r_mask<0>      |   13.640|
mrssel<2>      |r_mask<1>      |   14.801|
mrssel<2>      |r_mask<2>      |   13.374|
mrssel<2>      |r_mask<3>      |   13.619|
mrssel<2>      |r_mask<4>      |   13.969|
mrssel<2>      |r_mask<5>      |   14.540|
mrssel<2>      |r_mask<6>      |   13.945|
mrssel<2>      |rotatenout<0>  |   14.789|
mrssel<2>      |rotatenout<1>  |   14.672|
mrssel<2>      |rotatenout<2>  |   15.987|
mrssel<2>      |rotatenout<3>  |   15.959|
mrssel<2>      |rotatenout<4>  |   16.344|
mrssel<2>      |rotatenout<5>  |   17.437|
mrssel<2>      |rotatenout<6>  |   16.932|
mrssel<2>      |rotatenout<7>  |   21.349|
mrssel<2>      |shiftleft<1>   |   17.335|
mrssel<2>      |shiftleft<2>   |   19.201|
mrssel<2>      |shiftleft<3>   |   18.578|
mrssel<2>      |shiftleft<4>   |   15.849|
mrssel<2>      |shiftleft<5>   |   18.402|
mrssel<2>      |shiftleft<6>   |   18.973|
mrssel<2>      |shiftleft<7>   |   19.499|
mrssel<2>      |shiftright<0>  |   19.467|
mrssel<2>      |shiftright<1>  |   19.263|
mrssel<2>      |shiftright<2>  |   19.497|
mrssel<2>      |shiftright<3>  |   19.151|
mrssel<2>      |shiftright<4>  |   15.459|
mrssel<2>      |shiftright<5>  |   18.276|
mrssel<2>      |shiftright<6>  |   19.073|
---------------+---------------+---------+


Analysis completed Thu Apr 20 21:19:13 2017 
--------------------------------------------------------------------------------

Trace Settings:
-------------------------
Trace Settings 

Peak Memory Usage: 309 MB



